2025-02-01 15:40:29,204 - ERROR - ❌ Twitter Authentication Failed: 401 Unauthorized
32 - Could not authenticate you.
2025-02-01 15:41:14,844 - ERROR - ❌ Twitter Authentication Failed: 401 Unauthorized
32 - Could not authenticate you.
2025-02-01 15:41:19,520 - INFO - Fetching jobs from Apify Indeed Scraper...
2025-02-01 15:41:53,078 - INFO - Fetching jobs from Apify Indeed Scraper...
2025-02-01 15:42:04,320 - INFO - Fetched 50 jobs successfully.
2025-02-01 15:42:04,325 - INFO - ✅ Jobs saved to fetched_jobs.json
2025-02-01 15:42:04,802 - ERROR - ❌ Error posting tweet: 401 Unauthorized
Unauthorized
2025-02-01 15:42:05,029 - ERROR - ❌ Error posting tweet: 401 Unauthorized
Unauthorized
2025-02-01 15:42:05,256 - ERROR - ❌ Error posting tweet: 401 Unauthorized
Unauthorized
2025-02-01 15:42:05,483 - ERROR - ❌ Error posting tweet: 401 Unauthorized
Unauthorized
2025-02-01 15:42:05,717 - ERROR - ❌ Error posting tweet: 401 Unauthorized
Unauthorized
2025-02-01 15:42:55,001 - INFO - Fetching jobs from Apify Indeed Scraper...
2025-02-01 15:43:06,198 - INFO - Fetched 50 jobs successfully.
2025-02-01 15:43:06,204 - INFO - ✅ Jobs saved to fetched_jobs.json
2025-02-01 15:43:06,870 - INFO - ✅ Tweet posted successfully.
2025-02-01 15:43:07,252 - INFO - ✅ Tweet posted successfully.
2025-02-01 15:43:07,638 - INFO - ✅ Tweet posted successfully.
2025-02-01 15:43:08,020 - INFO - ✅ Tweet posted successfully.
2025-02-01 15:43:08,406 - INFO - ✅ Tweet posted successfully.
2025-02-01 17:37:04,428 - INFO - Fetching jobs from Apify Indeed Scraper...
2025-02-01 17:37:15,814 - INFO - Fetched 50 jobs successfully.
2025-02-01 17:37:16,668 - INFO - ✅ Fetched 3 jobs from LinkedIn.
2025-02-01 17:37:16,675 - INFO - ✅ Jobs saved to all_jobs.json
2025-02-01 17:37:17,175 - ERROR - ❌ Error posting tweet for Indeed & LinkedIn job: 403 Forbidden
453 - You currently have access to a subset of X API V2 endpoints and limited v1.1 endpoints (e.g. media post, oauth) only. If you need access to this endpoint, you may need a different access level. You can learn more here: https://developer.x.com/en/portal/product
2025-02-01 17:43:46,369 - INFO - Fetching jobs from Apify Indeed Scraper...
2025-02-01 17:43:57,774 - INFO - Fetched 50 jobs successfully.
2025-02-01 17:43:58,577 - INFO - ✅ Fetched 3 jobs from LinkedIn.
2025-02-01 17:43:58,583 - INFO - ✅ Jobs saved to all_jobs.json
2025-02-01 17:48:37,074 - INFO - Fetching jobs from Apify Indeed Scraper...
2025-02-01 17:48:48,335 - INFO - Fetched 50 jobs successfully.
2025-02-01 17:48:49,154 - INFO - ✅ Fetched 3 jobs from LinkedIn.
2025-02-01 17:48:49,160 - INFO - ✅ Jobs saved to all_jobs.json
2025-02-01 17:53:11,177 - INFO - Fetching jobs from Apify Indeed Scraper...
2025-02-01 17:53:22,414 - INFO - Fetched 50 jobs successfully.
2025-02-01 17:53:23,207 - INFO - ✅ Fetched 3 jobs from LinkedIn.
2025-02-01 17:53:23,213 - INFO - ✅ Jobs saved to all_jobs.json
2025-02-01 17:53:23,884 - INFO - ✅ Tweet posted successfully for Indeed & LinkedIn job.
2025-02-01 18:02:35,047 - INFO - Fetching jobs from Apify Indeed Scraper...
2025-02-01 18:02:46,312 - INFO - Fetched 50 jobs successfully.
2025-02-01 18:02:47,118 - INFO - ✅ Fetched 3 jobs from LinkedIn.
2025-02-01 18:02:47,124 - INFO - ✅ Jobs saved to all_jobs.json
2025-02-01 18:02:47,642 - ERROR - ❌ Error posting tweet: 403 Forbidden
You are not permitted to perform this action.
2025-02-01 18:06:14,261 - INFO - Fetching jobs from Apify Indeed Scraper...
2025-02-01 18:06:25,528 - INFO - Fetched 50 jobs successfully.
2025-02-01 18:06:26,353 - INFO - ✅ Fetched 3 jobs from LinkedIn.
2025-02-01 18:06:26,359 - INFO - ✅ Jobs saved to all_jobs.json
2025-02-01 18:06:26,899 - ERROR - ❌ Error posting tweet: 403 Forbidden
You are not permitted to perform this action.
2025-02-01 18:08:23,938 - INFO - Fetching jobs from Apify Indeed Scraper...
2025-02-01 18:08:35,164 - INFO - Fetched 50 jobs successfully.
2025-02-01 18:08:35,995 - INFO - ✅ Fetched 3 jobs from LinkedIn.
2025-02-01 18:08:36,001 - INFO - ✅ Jobs saved to all_jobs.json
2025-02-01 18:08:36,630 - INFO - ✅ Tweet posted successfully with job details from Indeed & LinkedIn.
2025-02-01 18:12:59,047 - INFO - Fetching jobs from Apify Indeed Scraper...
2025-02-01 18:13:10,260 - INFO - Fetched 50 jobs successfully.
2025-02-01 18:13:11,065 - INFO - ✅ Fetched 3 jobs from LinkedIn.
2025-02-01 18:13:11,071 - INFO - ✅ Jobs saved to all_jobs.json
2025-02-01 18:13:11,718 - INFO - ✅ Tweet posted successfully with job details from Indeed & LinkedIn.
2025-02-01 18:20:16,948 - INFO - Fetching jobs from Apify Indeed Scraper...
2025-02-01 18:20:28,253 - INFO - Fetched 50 jobs successfully.
2025-02-01 18:20:29,091 - INFO - ✅ Fetched 3 jobs from LinkedIn.
2025-02-01 18:20:29,097 - INFO - ✅ Jobs saved to all_jobs.json
2025-02-01 18:20:29,738 - INFO - ✅ Tweet posted successfully with job details from Indeed & LinkedIn.
2025-02-01 18:24:26,289 - INFO - Fetching jobs from Apify Indeed Scraper...
2025-02-01 18:24:37,555 - INFO - Fetched 50 jobs successfully.
2025-02-01 18:24:38,383 - INFO - ✅ Fetched 3 jobs from LinkedIn.
2025-02-01 18:24:38,389 - INFO - ✅ Jobs saved to all_jobs.json
2025-02-01 18:24:54,433 - INFO - Fetching jobs from Apify Indeed Scraper...
2025-02-01 18:25:05,605 - INFO - Fetched 50 jobs successfully.
2025-02-01 18:25:06,392 - INFO - ✅ Fetched 3 jobs from LinkedIn.
2025-02-01 18:25:06,398 - INFO - ✅ Jobs saved to all_jobs.json
2025-02-01 18:26:29,337 - INFO - Fetching jobs from Apify Indeed Scraper...
2025-02-01 18:26:40,558 - INFO - Fetched 50 jobs successfully.
2025-02-01 18:26:41,447 - INFO - ✅ Fetched 3 jobs from LinkedIn.
2025-02-01 18:26:41,462 - INFO - ✅ Jobs saved to all_jobs.json
2025-02-01 18:40:42,349 - INFO - Fetching jobs from Apify Indeed Scraper...
2025-02-01 18:40:53,748 - INFO - Fetched 50 jobs successfully.
2025-02-01 18:40:54,547 - INFO - ✅ Fetched 3 jobs from LinkedIn.
2025-02-01 18:40:54,553 - INFO - ✅ Jobs saved to all_jobs.json
2025-02-01 18:41:06,150 - INFO - Fetching jobs from Apify Indeed Scraper...
2025-02-01 18:41:17,333 - INFO - Fetched 50 jobs successfully.
2025-02-01 18:41:18,126 - INFO - ✅ Fetched 3 jobs from LinkedIn.
2025-02-01 18:41:18,132 - INFO - ✅ Jobs saved to all_jobs.json
2025-02-01 18:42:13,912 - INFO - Fetching jobs from Apify Indeed Scraper...
2025-02-01 18:42:25,125 - INFO - Fetched 50 jobs successfully.
2025-02-01 18:42:25,930 - INFO - ✅ Fetched 3 jobs from LinkedIn.
2025-02-01 18:42:25,936 - INFO - ✅ Jobs saved to all_jobs.json
2025-02-01 18:43:18,373 - INFO - Fetching jobs from Apify Indeed Scraper...
2025-02-01 18:43:29,596 - INFO - Fetched 50 jobs successfully.
2025-02-01 18:43:30,425 - INFO - ✅ Fetched 3 jobs from LinkedIn.
2025-02-01 18:43:30,433 - INFO - ✅ Jobs saved to all_jobs.json
2025-02-01 18:51:43,393 - INFO - Fetching jobs from Apify Indeed Scraper...
2025-02-01 18:51:54,740 - INFO - Fetched 50 jobs successfully.
2025-02-01 18:51:55,632 - INFO - ✅ Fetched 3 jobs from LinkedIn.
2025-02-01 18:51:55,638 - INFO - ✅ Jobs saved to all_jobs.json
2025-02-01 18:54:35,339 - INFO - Fetching jobs from Apify Indeed Scraper...
2025-02-01 18:54:46,573 - INFO - Fetched 50 jobs successfully.
2025-02-01 18:54:47,357 - INFO - ✅ Fetched 3 jobs from LinkedIn.
2025-02-01 18:54:47,363 - INFO - ✅ Jobs saved to all_jobs.json
2025-02-01 19:06:50,276 - INFO - Found 100 jobs
2025-02-01 19:06:50,288 - INFO - ✅ Jobs saved to jobs.csv
2025-02-01 19:06:50,941 - INFO - ✅ Tweet posted successfully with job details from Indeed & LinkedIn.
2025-02-01 19:12:32,647 - INFO - ✅ Jobs saved to jobs.csv
2025-02-01 19:13:21,864 - INFO - ✅ Twitter Authentication Successful
2025-02-01 19:13:26,897 - INFO - ✅ Jobs saved to jobs.csv
2025-02-01 19:13:27,382 - ERROR - ❌ Error posting tweet: 403 Forbidden
453 - You currently have access to a subset of X API V2 endpoints and limited v1.1 endpoints (e.g. media post, oauth) only. If you need access to this endpoint, you may need a different access level. You can learn more here: https://developer.x.com/en/portal/product
2025-02-01 19:13:27,859 - ERROR - ❌ Error posting tweet: 403 Forbidden
453 - You currently have access to a subset of X API V2 endpoints and limited v1.1 endpoints (e.g. media post, oauth) only. If you need access to this endpoint, you may need a different access level. You can learn more here: https://developer.x.com/en/portal/product
2025-02-01 19:13:28,337 - ERROR - ❌ Error posting tweet: 403 Forbidden
453 - You currently have access to a subset of X API V2 endpoints and limited v1.1 endpoints (e.g. media post, oauth) only. If you need access to this endpoint, you may need a different access level. You can learn more here: https://developer.x.com/en/portal/product
2025-02-01 19:13:28,825 - ERROR - ❌ Error posting tweet: 403 Forbidden
453 - You currently have access to a subset of X API V2 endpoints and limited v1.1 endpoints (e.g. media post, oauth) only. If you need access to this endpoint, you may need a different access level. You can learn more here: https://developer.x.com/en/portal/product
2025-02-01 19:13:29,293 - ERROR - ❌ Error posting tweet: 403 Forbidden
453 - You currently have access to a subset of X API V2 endpoints and limited v1.1 endpoints (e.g. media post, oauth) only. If you need access to this endpoint, you may need a different access level. You can learn more here: https://developer.x.com/en/portal/product
2025-02-01 19:14:25,867 - INFO - ✅ Twitter Authentication Successful
2025-02-01 19:14:33,518 - INFO - ✅ Jobs saved to jobs.csv
2025-02-01 19:14:34,149 - INFO - ✅ Tweet posted successfully.
2025-02-01 19:14:34,553 - INFO - ✅ Tweet posted successfully.
2025-02-01 19:14:34,949 - INFO - ✅ Tweet posted successfully.
2025-02-01 19:14:35,329 - INFO - ✅ Tweet posted successfully.
2025-02-01 19:14:35,711 - INFO - ✅ Tweet posted successfully.
2025-02-01 19:18:45,897 - INFO - ✅ Twitter Authentication Successful
2025-02-01 19:18:45,897 - INFO - Fetching jobs from Apify Indeed Scraper...
2025-02-01 19:18:54,092 - INFO - ✅ Fetched 80 jobs
2025-02-01 19:18:54,099 - INFO - ✅ Jobs saved to jobs.csv
2025-02-01 19:21:02,664 - INFO - ✅ Twitter Authentication Successful
2025-02-01 19:21:07,374 - INFO - JobSpy:Linkedin - finished scraping
2025-02-01 19:21:07,584 - INFO - ✅ Jobs saved to jobs.csv
2025-02-01 19:21:08,100 - ERROR - ❌ Error posting tweet 1: 429 Too Many Requests
Too Many Requests
2025-02-01 19:21:08,342 - ERROR - ❌ Error posting tweet 2: 429 Too Many Requests
Too Many Requests
2025-02-01 19:22:26,164 - INFO - ✅ Twitter Authentication Successful
2025-02-01 19:22:32,697 - INFO - JobSpy:Linkedin - finished scraping
2025-02-01 19:22:32,864 - INFO - ✅ Jobs saved to jobs.csv
2025-02-01 19:22:33,361 - ERROR - ❌ Error posting tweet 1: 429 Too Many Requests
Too Many Requests
2025-02-01 19:22:33,608 - ERROR - ❌ Error posting tweet 2: 429 Too Many Requests
Too Many Requests
2025-02-01 19:23:01,279 - INFO - ✅ Twitter Authentication Successful
2025-02-01 19:23:06,864 - INFO - ✅ Jobs saved to jobs.csv
2025-02-01 19:23:07,360 - ERROR - ❌ Error posting tweet: 429 Too Many Requests
Too Many Requests
